\BOOKMARK [1][-]{Doc-Start}{\376\377\000A\000b\000s\000t\000r\000a\000c\000t}{}% 1
\BOOKMARK [1][-]{section.1}{\376\377\000I\000n\000t\000r\000o\000d\000u\000c\000t\000i\000o\000n}{}% 2
\BOOKMARK [2][-]{subsection.1.1}{\376\377\000M\000o\000t\000i\000v\000a\000t\000i\000o\000n}{section.1}% 3
\BOOKMARK [2][-]{subsection.1.2}{\376\377\000W\000h\000a\000t\000\040\000V\000I\000G\000\315\000A\000\040\000i\000s}{section.1}% 4
\BOOKMARK [2][-]{subsection.1.3}{\376\377\000T\000h\000e\000\040\000p\000r\000o\000b\000l\000e\000m\000\040\000t\000h\000e\000\040\000s\000y\000s\000t\000e\000m\000\040\000a\000c\000t\000u\000a\000l\000l\000y\000\040\000s\000o\000l\000v\000e\000s}{section.1}% 5
\BOOKMARK [2][-]{subsection.1.4}{\376\377\000P\000r\000e\000l\000i\000m\000i\000n\000a\000r\000y\000\040\000c\000o\000n\000c\000l\000u\000s\000i\000o\000n\000s}{section.1}% 6
\BOOKMARK [2][-]{subsection.1.5}{\376\377\000R\000e\000s\000e\000a\000r\000c\000h\000\040\000q\000u\000e\000s\000t\000i\000o\000n\000s\000\040\000a\000n\000d\000\040\000c\000o\000n\000t\000r\000i\000b\000u\000t\000i\000o\000n\000s}{section.1}% 7
\BOOKMARK [2][-]{subsection.1.6}{\376\377\000S\000c\000o\000p\000e\000\040\000a\000n\000d\000\040\000l\000i\000m\000i\000t\000a\000t\000i\000o\000n\000s}{section.1}% 8
\BOOKMARK [1][-]{section.2}{\376\377\000R\000e\000l\000a\000t\000e\000d\000\040\000w\000o\000r\000k}{}% 9
\BOOKMARK [1][-]{section.3}{\376\377\000S\000y\000s\000t\000e\000m\000\040\000a\000r\000c\000h\000i\000t\000e\000c\000t\000u\000r\000e}{}% 10
\BOOKMARK [2][-]{subsection.3.1}{\376\377\000T\000i\000e\000r\000\040\0000\000\040\040\024\000\040\000t\000h\000e\000\040\000c\000o\000n\000t\000e\000x\000t\000\040\000g\000a\000t\000e}{section.3}% 11
\BOOKMARK [2][-]{subsection.3.2}{\376\377\000V\000i\000e\000w\000p\000o\000i\000n\000t\000\040\000e\000n\000v\000e\000l\000o\000p\000e\000s}{section.3}% 12
\BOOKMARK [2][-]{subsection.3.3}{\376\377\000T\000i\000e\000r\000\040\0001\000\040\040\024\000\040\000s\000p\000e\000c\000i\000a\000l\000i\000s\000t\000\040\000d\000e\000t\000e\000c\000t\000o\000r\000s}{section.3}% 13
\BOOKMARK [2][-]{subsection.3.4}{\376\377\000L\000i\000c\000e\000n\000s\000i\000n\000g\000\040\000a\000r\000c\000h\000i\000t\000e\000c\000t\000u\000r\000e}{section.3}% 14
\BOOKMARK [2][-]{subsection.3.5}{\376\377\000P\000r\000i\000v\000a\000c\000y\000\040\000b\000y\000\040\000d\000e\000s\000i\000g\000n}{section.3}% 15
\BOOKMARK [2][-]{subsection.3.6}{\376\377\000R\000u\000n\000t\000i\000m\000e\000\040\000p\000i\000p\000e\000l\000i\000n\000e}{section.3}% 16
\BOOKMARK [2][-]{subsection.3.7}{\376\377\000O\000p\000e\000r\000a\000t\000o\000r\000\040\000v\000i\000e\000w}{section.3}% 17
\BOOKMARK [2][-]{subsection.3.8}{\376\377\000L\000i\000v\000e\000\040\000p\000u\000b\000l\000i\000c\000\040\000c\000a\000m\000e\000r\000a\000s}{section.3}% 18
\BOOKMARK [1][-]{section.4}{\376\377\000D\000e\000f\000i\000n\000i\000t\000i\000o\000n\000s\000\040\000a\000n\000d\000\040\000e\000v\000a\000l\000u\000a\000t\000i\000o\000n\000\040\000m\000e\000t\000r\000i\000c\000s}{}% 19
\BOOKMARK [2][-]{subsection.4.1}{\376\377\000M\000a\000t\000c\000h\000i\000n\000g\000\040\000p\000r\000e\000d\000i\000c\000t\000i\000o\000n\000s\000\040\000t\000o\000\040\000g\000r\000o\000u\000n\000d\000\040\000t\000r\000u\000t\000h}{section.4}% 20
\BOOKMARK [2][-]{subsection.4.2}{\376\377\000T\000w\000o\000\040\000l\000e\000v\000e\000l\000s\000\040\000o\000f\000\040\000e\000v\000a\000l\000u\000a\000t\000i\000o\000n\000,\000\040\000a\000n\000d\000\040\000w\000h\000y\000\040\000b\000o\000t\000h}{section.4}% 21
\BOOKMARK [2][-]{subsection.4.3}{\376\377\000R\000e\000c\000a\000l\000l\000-\000w\000e\000i\000g\000h\000t\000e\000d\000\040\000F\000\040\000s\000c\000o\000r\000e\000s}{section.4}% 22
\BOOKMARK [2][-]{subsection.4.4}{\376\377\000S\000e\000g\000m\000e\000n\000t\000a\000t\000i\000o\000n\000,\000\040\000a\000n\000d\000\040\000t\000h\000e\000\040\000t\000r\000a\000p\000\040\000o\000f\000\040\000p\000o\000o\000l\000i\000n\000g}{section.4}% 23
\BOOKMARK [2][-]{subsection.4.5}{\376\377\000I\000n\000t\000e\000r\000v\000a\000l\000\040\000e\000s\000t\000i\000m\000a\000t\000i\000o\000n}{section.4}% 24
\BOOKMARK [2][-]{subsection.4.6}{\376\377\000C\000l\000a\000s\000s\000\040\000m\000e\000r\000g\000i\000n\000g}{section.4}% 25
\BOOKMARK [1][-]{section.5}{\376\377\000D\000e\000t\000e\000c\000t\000o\000r\000s}{}% 26
\BOOKMARK [2][-]{subsection.5.1}{\376\377\000F\000i\000r\000e\000\040\000a\000n\000d\000\040\000s\000m\000o\000k\000e}{section.5}% 27
\BOOKMARK [2][-]{subsection.5.2}{\376\377\000F\000l\000o\000o\000d\000\040\000a\000n\000d\000\040\000w\000a\000t\000e\000r\000\040\000l\000e\000v\000e\000l}{section.5}% 28
\BOOKMARK [3][-]{subsubsection.5.2.1}{\376\377\000T\000h\000e\000\040\000a\000e\000r\000i\000a\000l\000\040\000v\000a\000r\000i\000a\000n\000t}{subsection.5.2}% 29
\BOOKMARK [2][-]{subsection.5.3}{\376\377\000P\000e\000o\000p\000l\000e\000\040\000i\000n\000\040\000w\000a\000t\000e\000r}{section.5}% 30
\BOOKMARK [2][-]{subsection.5.4}{\376\377\000T\000r\000a\000p\000p\000e\000d\000\040\000p\000e\000o\000p\000l\000e\000\040\000a\000n\000d\000\040\000b\000u\000i\000l\000d\000i\000n\000g\000\040\000a\000c\000c\000e\000s\000s}{section.5}% 31
\BOOKMARK [2][-]{subsection.5.5}{\376\377\000R\000o\000a\000d\000\040\000i\000n\000c\000i\000d\000e\000n\000t\000s}{section.5}% 32
\BOOKMARK [1][-]{section.6}{\376\377\000T\000h\000e\000\040\000t\000e\000m\000p\000o\000r\000a\000l\000\040\000v\000a\000l\000i\000d\000a\000t\000o\000r}{}% 33
\BOOKMARK [2][-]{subsection.6.1}{\376\377\000R\000a\000t\000i\000o\000n\000a\000l\000e}{section.6}% 34
\BOOKMARK [2][-]{subsection.6.2}{\376\377\000T\000h\000e\000\040\000c\000a\000s\000c\000a\000d\000e}{section.6}% 35
\BOOKMARK [2][-]{subsection.6.3}{\376\377\000T\000h\000e\000\040\000c\000a\000s\000c\000a\000d\000e\000\040\000e\000a\000r\000n\000e\000d\000\040\000i\000t\000s\000\040\000s\000h\000a\000p\000e\000:\000\040\000t\000w\000o\000\040\000l\000e\000v\000e\000l\000s\000\040\000b\000u\000i\000l\000t\000,\000\040\000m\000e\000a\000s\000u\000r\000e\000d\000,\000\040\000r\000e\000m\000o\000v\000e\000d}{section.6}% 36
\BOOKMARK [2][-]{subsection.6.4}{\376\377\000F\000i\000l\000t\000e\000r\000i\000n\000g\000\040\000a\000n\000d\000\040\000d\000e\000d\000u\000p\000l\000i\000c\000a\000t\000i\000o\000n\000\040\000a\000r\000e\000\040\000d\000i\000f\000f\000e\000r\000e\000n\000t\000\040\000c\000l\000a\000i\000m\000s}{section.6}% 37
\BOOKMARK [2][-]{subsection.6.5}{\376\377\000D\000o\000e\000s\000\040\000i\000t\000\040\000r\000e\000d\000u\000c\000e\000\040\000f\000a\000l\000s\000e\000\040\000a\000l\000a\000r\000m\000s\000?}{section.6}% 38
\BOOKMARK [2][-]{subsection.6.6}{\376\377\000T\000h\000e\000\040\000o\000b\000v\000i\000o\000u\000s\000\040\000b\000a\000s\000e\000l\000i\000n\000e\000,\000\040\000r\000u\000n\000\040\000a\000g\000a\000i\000n\000s\000t\000\040\000o\000u\000r\000s\000e\000l\000v\000e\000s}{section.6}% 39
\BOOKMARK [3][-]{subsubsection.6.6.1}{\376\377\000W\000h\000a\000t\000\040\000t\000h\000e\000\040\000c\000o\000n\000t\000r\000o\000l\000\040\000d\000o\000e\000s\000\040\000a\000n\000d\000\040\000d\000o\000e\000s\000\040\000n\000o\000t\000\040\000e\000s\000t\000a\000b\000l\000i\000s\000h}{subsection.6.6}% 40
\BOOKMARK [2][-]{subsection.6.7}{\376\377\000T\000h\000e\000\040\000l\000a\000t\000e\000n\000c\000y\000\040\000c\000o\000s\000t\000,\000\040\000i\000n\000\040\000c\000l\000o\000s\000e\000d\000\040\000f\000o\000r\000m}{section.6}% 41
\BOOKMARK [2][-]{subsection.6.8}{\376\377\000H\000a\000z\000a\000r\000d\000-\000a\000g\000n\000o\000s\000t\000i\000c\000i\000s\000m\000,\000\040\000t\000e\000s\000t\000e\000d\000\040\000a\000n\000d\000\040\000e\000n\000f\000o\000r\000c\000e\000d}{section.6}% 42
\BOOKMARK [1][-]{section.7}{\376\377\000T\000h\000e\000\040\000a\000n\000t\000i\000c\000i\000p\000a\000t\000o\000r\000y\000\040\000f\000l\000o\000o\000d\000\040\000s\000i\000g\000n\000a\000l}{}% 43
\BOOKMARK [2][-]{subsection.7.1}{\376\377\000T\000w\000o\000\040\000s\000i\000g\000n\000a\000l\000s}{section.7}% 44
\BOOKMARK [2][-]{subsection.7.2}{\376\377\000W\000i\000n\000d\000o\000w\000e\000d\000\040\000l\000e\000a\000s\000t\000\040\000s\000q\000u\000a\000r\000e\000s}{section.7}% 45
\BOOKMARK [2][-]{subsection.7.3}{\376\377\000P\000a\000g\000e\040\023\000H\000i\000n\000k\000l\000e\000y\000\040\000c\000h\000a\000n\000g\000e\000\040\000d\000e\000t\000e\000c\000t\000i\000o\000n}{section.7}% 46
\BOOKMARK [2][-]{subsection.7.4}{\376\377\000C\000a\000l\000i\000b\000r\000a\000t\000i\000o\000n\000\040\000m\000a\000t\000t\000e\000r\000s\000\040\000m\000o\000r\000e\000\040\000t\000h\000a\000n\000\040\000t\000h\000e\000\040\000a\000l\000g\000o\000r\000i\000t\000h\000m}{section.7}% 47
\BOOKMARK [2][-]{subsection.7.5}{\376\377\000C\000o\000m\000p\000a\000r\000e\000d\000\040\000o\000n\000\040\000r\000e\000a\000l\000\040\000c\000a\000m\000e\000r\000a\000s}{section.7}% 48
\BOOKMARK [2][-]{subsection.7.6}{\376\377\000G\000r\000o\000u\000n\000d\000\040\000t\000r\000u\000t\000h\000\040\000t\000h\000e\000\040\000o\000t\000h\000e\000r\000\040\000f\000o\000o\000t\000a\000g\000e\000\040\000d\000o\000e\000s\000\040\000n\000o\000t\000\040\000h\000a\000v\000e}{section.7}% 49
\BOOKMARK [1][-]{section.8}{\376\377\000S\000c\000e\000n\000e\000\040\000r\000o\000u\000t\000i\000n\000g\000\040\000o\000n\000\040\000t\000h\000e\000\040\000u\000p\000l\000o\000a\000d\000\040\000p\000a\000t\000h}{}% 50
\BOOKMARK [2][-]{subsection.8.1}{\376\377\000T\000w\000o\000\040\000a\000p\000p\000r\000o\000a\000c\000h\000e\000s\000\040\000t\000h\000a\000t\000\040\000d\000i\000d\000\040\000n\000o\000t\000\040\000w\000o\000r\000k}{section.8}% 51
\BOOKMARK [2][-]{subsection.8.2}{\376\377\000A\000\040\000c\000l\000a\000s\000s\000i\000f\000i\000e\000r\000\040\000t\000r\000a\000i\000n\000e\000d\000\040\000f\000o\000r\000\040\000t\000h\000i\000s\000\040\000q\000u\000e\000s\000t\000i\000o\000n}{section.8}% 52
\BOOKMARK [2][-]{subsection.8.3}{\376\377\000H\000o\000w\000\040\000t\000h\000a\000t\000\040\000f\000i\000g\000u\000r\000e\000\040\000s\000h\000o\000u\000l\000d\000\040\000b\000e\000\040\000r\000e\000a\000d}{section.8}% 53
\BOOKMARK [2][-]{subsection.8.4}{\376\377\000T\000h\000i\000s\000\040\000d\000o\000e\000s\000\040\000n\000o\000t\000\040\000o\000v\000e\000r\000t\000u\000r\000n\000\040\000T\000i\000e\000r\000\040\0000}{section.8}% 54
\BOOKMARK [1][-]{section.9}{\376\377\000E\000v\000a\000l\000u\000a\000t\000i\000o\000n\000\040\000m\000e\000t\000h\000o\000d\000o\000l\000o\000g\000y}{}% 55
\BOOKMARK [2][-]{subsection.9.1}{\376\377\000C\000o\000m\000m\000i\000t\000m\000e\000n\000t\000s}{section.9}% 56
\BOOKMARK [2][-]{subsection.9.2}{\376\377\000R\000e\000p\000r\000o\000d\000u\000c\000i\000b\000i\000l\000i\000t\000y}{section.9}% 57
\BOOKMARK [2][-]{subsection.9.3}{\376\377\000E\000x\000e\000c\000u\000t\000i\000o\000n\000\040\000b\000a\000c\000k\000e\000n\000d\000s}{section.9}% 58
\BOOKMARK [2][-]{subsection.9.4}{\376\377\000D\000e\000m\000o\000n\000s\000t\000r\000a\000t\000i\000o\000n\000\040\000m\000a\000t\000e\000r\000i\000a\000l}{section.9}% 59
\BOOKMARK [1][-]{section.10}{\376\377\000C\000o\000n\000s\000o\000l\000i\000d\000a\000t\000e\000d\000\040\000r\000e\000s\000u\000l\000t\000s}{}% 60
\BOOKMARK [1][-]{section.11}{\376\377\000A\000t\000t\000r\000i\000b\000u\000t\000i\000o\000n\000\040\000a\000n\000d\000\040\000c\000r\000e\000d\000i\000t\000s}{}% 61
\BOOKMARK [2][-]{subsection.11.1}{\376\377\000P\000r\000i\000o\000r\000\040\000a\000r\000t}{section.11}% 62
\BOOKMARK [2][-]{subsection.11.2}{\376\377\000R\000u\000n\000t\000i\000m\000e\000\040\000d\000e\000p\000e\000n\000d\000e\000n\000c\000i\000e\000s}{section.11}% 63
\BOOKMARK [1][-]{section.12}{\376\377\000D\000i\000s\000c\000u\000s\000s\000i\000o\000n\000\040\000a\000n\000d\000\040\000c\000o\000n\000c\000l\000u\000s\000i\000o\000n\000s}{}% 64
\BOOKMARK [2][-]{subsection.12.1}{\376\377\000F\000i\000n\000d\000i\000n\000g\000s\000\040\000t\000h\000a\000t\000\040\000t\000r\000a\000v\000e\000l}{section.12}% 65
\BOOKMARK [2][-]{subsection.12.2}{\376\377\000O\000u\000t\000s\000t\000a\000n\000d\000i\000n\000g\000\040\000w\000o\000r\000k}{section.12}% 66
\BOOKMARK [1][-]{appendix.A}{\376\377\000R\000e\000p\000r\000o\000d\000u\000c\000i\000b\000i\000l\000i\000t\000y}{}% 67
\BOOKMARK [2][-]{subsection.A.1}{\376\377\000H\000o\000w\000\040\000t\000h\000i\000s\000\040\000d\000o\000c\000u\000m\000e\000n\000t\000\040\000i\000s\000\040\000b\000u\000i\000l\000t}{appendix.A}% 68
\BOOKMARK [2][-]{subsection.A.2}{\376\377\000T\000h\000e\000\040\000t\000h\000r\000e\000e\000\040\000g\000u\000a\000r\000d\000s}{appendix.A}% 69
\BOOKMARK [2][-]{subsection.A.3}{\376\377\000R\000e\000f\000e\000r\000e\000n\000c\000e\000\040\000h\000a\000r\000d\000w\000a\000r\000e}{appendix.A}% 70
\BOOKMARK [2][-]{subsection.A.4}{\376\377\000D\000a\000t\000a\000\040\000a\000c\000q\000u\000i\000s\000i\000t\000i\000o\000n}{appendix.A}% 71
\BOOKMARK [1][-]{appendix.B}{\376\377\000R\000e\000v\000i\000s\000i\000o\000n\000\040\000h\000i\000s\000t\000o\000r\000y}{}% 72
